---
source: src/task/cluster/test.rs
expression: uncolorize(result)
---
Err(Invalid cluster configuration(Ok(
---
topology: "Missing field 'topology'"
hosts: "Missing field 'hosts'"
vars: "Expected type Dict got Null"
)))
